// Jest Snapshot v1, https://goo.gl/fbAQLP

exports[`suite-generator errors is defined mocha generates correct errored test 1`] = `
"  it('has-errors.scss should pass stylelint', function() {
    // test failed
    var error = new chai.AssertionError('1:15 Unexpected empty block (block-no-empty)\\\\n6:10 Expected \\\\\\\\\\"#000000\\\\\\\\\\" to be \\\\\\\\\\"black\\\\\\\\\\" (color-named)');
    error.stack = undefined;
    throw error;
  });
"
`;

exports[`suite-generator errors is defined mocha generates correct passed test 1`] = `
"  it('no-errors.scss should pass stylelint', function() {
    // test passed
  });
"
`;

exports[`suite-generator errors is defined qunit generates correct errored test 1`] = `
"QUnit.test('has-errors.scss should pass stylelint', function(assert) {
  assert.expect(1);
  assert.ok(false, '1:15 Unexpected empty block (block-no-empty)\\\\n6:10 Expected \\\\\\\\\\"#000000\\\\\\\\\\" to be \\\\\\\\\\"black\\\\\\\\\\" (color-named)');
});
"
`;

exports[`suite-generator errors is defined qunit generates correct passed test 1`] = `
"QUnit.test('no-errors.scss should pass stylelint', function(assert) {
  assert.expect(1);
  assert.ok(true, 'no-errors.scss should pass stylelint');
});
"
`;

exports[`test-generator errors is defined mocha generates correct errored test 1`] = `
"  it('has-errors.scss should pass stylelint', function() {
    // test failed
    var error = new chai.AssertionError('1:15 Unexpected empty block (block-no-empty)\\\\n6:10 Expected \\\\\\\\\\"#000000\\\\\\\\\\" to be \\\\\\\\\\"black\\\\\\\\\\" (color-named)');
    error.stack = undefined;
    throw error;
  });
"
`;

exports[`test-generator errors is defined mocha generates correct passed test 1`] = `
"  it('no-errors.scss should pass stylelint', function() {
    // test passed
  });
"
`;

exports[`test-generator errors is defined qunit generates correct errored test 1`] = `
"QUnit.test('has-errors.scss should pass stylelint', function(assert) {
  assert.expect(1);
  assert.ok(false, '1:15 Unexpected empty block (block-no-empty)\\\\n6:10 Expected \\\\\\\\\\"#000000\\\\\\\\\\" to be \\\\\\\\\\"black\\\\\\\\\\" (color-named)');
});
"
`;

exports[`test-generator errors is defined qunit generates correct passed test 1`] = `
"QUnit.test('no-errors.scss should pass stylelint', function(assert) {
  assert.expect(1);
  assert.ok(true, 'no-errors.scss should pass stylelint');
});
"
`;
